lpme1.c:34:16:lpme1_get_timestamp	24	static
lpme1.c:51:16:lpme1_get_acc	32	static
lpme1.c:72:16:lpme1_get_gyr	32	static
lpme1.c:92:16:lpme1_get_mag	32	static
lpme1.c:112:16:lpme1_get_euler	32	static
lpme1.c:132:16:lpme1_get_quat	40	static
lpme1.c:152:16:lpme1_get_linacc	32	static
lpme1.c:172:16:lpme1_get_temp	24	static
lpme1.c:189:16:lpme1_get_all	104	static
lpme1.c:211:16:lpme1_config_enable	16	static
lpme1.c:226:16:lpme1_config_disable	16	static
lpme1.c:241:16:lpme1_sys_reset	16	static
lpme1.c:260:16:lpme1_sys_reboot	16	static
lpme1.c:280:16:lpme1_set_led	24	static
lpme1.c:302:16:lpme1_reset_time	16	static
lpme1.c:322:16:lpme1_set_DataFormat	24	static
lpme1.c:352:16:lpme1_set_Freq	24	static
lpme1.c:379:16:lpme1_set_DataOutput	16	static
lpme1.c:397:16:lpme1_set_AccRange	24	static
lpme1.c:428:16:lpme1_set_GyrRange	24	static
lpme1.c:459:16:lpme1_set_MagRange	24	static
lpme1.c:483:16:lpme1_start_GyrCalibra	16	static
lpme1.c:502:16:lpme1_start_MagCalibra	16	static
lpme1.c:529:16:lpme1_set_filter	24	static
lpme1.c:562:16:lpme1_set_LowPass	24	static
lpme1.c:588:16:lpme1_reset_offset	16	static
lpme1.c:607:16:lpme1_heading_reset	16	static
lpme1.c:626:16:lpme1_object_reset	16	static
lpme1.c:646:7:uint8_to_float	24	static
lpme1.c:661:7:uint32_to_float	24	static
lpme1.c:675:6:lpme1_example	96	static
lpme1.c:702:6:lpme1_config_example	8	static
